.IFJcode17
JUMP main

# MAIN
LABEL main
CREATEFRAME
DEFVAR TF@a
MOVE TF@a int@0
DEFVAR TF@vysl
MOVE TF@vysl int@0
PUSHS string@Zadejte\032cislo\032pro\032vypocet\032faktorialu
DEFVAR TF@__INTERNAL__VAR_0
POPS TF@__INTERNAL__VAR_0
WRITE TF@__INTERNAL__VAR_0
READ TF@a int
# IF BLOCK
# IF
PUSHS TF@a
PUSHS int@0
LTS
PUSHS bool@true
JUMPIFNEQS __INTERNAL__COND_0_END
# THEN
PUSHS string@\nFaktorial\032nelze\032spocitat\n
DEFVAR TF@__INTERNAL__VAR_0
POPS TF@__INTERNAL__VAR_0
WRITE TF@__INTERNAL__VAR_0
JUMP __INTERNAL__COND_0_BLOCK_END
LABEL __INTERNAL__COND_0_END
# ELSE
PUSHS int@1
POPS TF@vysl
CLEARS
LABEL __INTERNAL__LOOP_0_BEGIN
PUSHS TF@a
PUSHS int@0
GTS
PUSHS bool@true
JUMPIFNEQS __INTERNAL__LOOP_0_END
PUSHS TF@vysl
PUSHS TF@a
MULS
POPS TF@vysl
CLEARS
PUSHS TF@a
PUSHS int@1
SUBS
POPS TF@a
CLEARS
JUMP __INTERNAL__LOOP_0_BEGIN
LABEL __INTERNAL__LOOP_0_END
PUSHS string@\nVysledek\032je:
DEFVAR TF@__INTERNAL__VAR_0
POPS TF@__INTERNAL__VAR_0
WRITE TF@__INTERNAL__VAR_0
PUSHS TF@vysl
POPS TF@__INTERNAL__VAR_0
WRITE TF@__INTERNAL__VAR_0
PUSHS string@\n
POPS TF@__INTERNAL__VAR_0
WRITE TF@__INTERNAL__VAR_0
# END IF
LABEL __INTERNAL__COND_0_BLOCK_END
# END IF BLOCK
